// Jest Snapshot v1, https://goo.gl/fbAQLP

exports[`BetOdd component 1`] = `
<div
  className="bet-odd box"
>
  <span>
    1.1
  </span>
</div>
`;
